     1                                 %line 1+1 squareSum.asm
     2                                 [section .data]
     3                                 SUCCESS equ 0
     4                                 SYS_exit equ 60
     5                                 
     6 00000000 0A000000               n dd 10
     7 00000004 0000000000000000       sumOfSquares dq 0
     8                                 
     9                                 [section .text]
    10                                 [global _start]
    11                                 _start:
    12 00000000 488B0C25[00000000]      mov rcx, [n]
    13                                 
    14                                 LOOP1:
    15 00000008 4889C8                  mov rax, rcx
    16 0000000B 48F7E0                  mul rax
    17 0000000E 48010425[00000000]      add [sumOfSquares], rax
    18 00000016 E2EE                    loop LOOP1
    19                                 
    20                                 
    21                                 last:
    22 00000018 48C7C03C000000          mov rax, SYS_exit
    23 0000001F 48C7C700000000          mov rdi, SUCCESS
    24 00000026 0F05                    syscall
